// Jest Snapshot v1, https://goo.gl/fbAQLP

exports[`Title Test renders correctly 1`] = `
<h3>
  netflixroulette
</h3>
`;
