// Jest Snapshot v1, https://goo.gl/fbAQLP

exports[`Movie Banner Test renders 1`] = `
<img
  alt="Movie Banner"
  src="asdac"
/>
`;

exports[`Movie Banner Test renders correctly 1`] = `
<img
  alt="Movie Banner"
  src="asdac"
/>
`;
