// Jest Snapshot v1, https://goo.gl/fbAQLP

exports[`Results Count Test renders correctly 1`] = `
<span
  className="results"
>
  1
   movies found
</span>
`;
