// Jest Snapshot v1, https://goo.gl/fbAQLP

exports[`Search Title Test renders correctly 1`] = `
<div
  className="search-title"
>
  Find your movie
</div>
`;
