// Jest Snapshot v1, https://goo.gl/fbAQLP

exports[`Movie Banner Test renders correctly 1`] = `
<button
  className=""
  onClick={[Function]}
/>
`;
